ssh bandit30@bandit.labs.overthewire.org -p 2220
                         _                     _ _ _   
                        | |__   __ _ _ __   __| (_) |_ 
                        | '_ \ / _` | '_ \ / _` | | __|
                        | |_) | (_| | | | | (_| | | |_ 
                        |_.__/ \__,_|_| |_|\__,_|_|\__|
                                                       
bandit30@bandit.labs.overthewire.org's password: xbhV3HpNGlTIdnjUrdAlPzc2L6y9EOnS 

bandit30@bandit:~$ mkdir /tmp/ra6narok30
bandit30@bandit:~$ cd /tmp/ra6narok30
bandit30@bandit:/tmp/ra6narok30$ git clone ssh://bandit30-git@localhost:2220/home/bandit30-git/repo
Cloning into 'repo'...
The authenticity of host '[localhost]:2220 ([127.0.0.1]:2220)' can't be established.
ED25519 key fingerprint is SHA256:C2ihUBV7ihnV1wUXRb4RrEcLfXC5CXlhmAAM/urerLY.
This key is not known by any other names
Are you sure you want to continue connecting (yes/no/[fingerprint])? yes
Could not create directory '/home/bandit30/.ssh' (Permission denied).
Failed to add the host to the list of known hosts (/home/bandit30/.ssh/known_hosts).
                         _                     _ _ _   
                        | |__   __ _ _ __   __| (_) |_ 
                        | '_ \ / _` | '_ \ / _` | | __|
                        | |_) | (_| | | | | (_| | | |_ 
                        |_.__/ \__,_|_| |_|\__,_|_|\__|
                                                       
bandit30-git@localhost's password: xbhV3HpNGlTIdnjUrdAlPzc2L6y9EOnS 
remote: Enumerating objects: 4, done.
remote: Counting objects: 100% (4/4), done.
Receiving objects: 100% (4/4), done.
remote: Total 4 (delta 0), reused 0 (delta 0), pack-reused 0
bandit30@bandit:/tmp/ra6narok30$ ls
repo
bandit30@bandit:/tmp/ra6narok30$ cd repo
bandit30@bandit:/tmp/ra6narok30/repo$ ls
README.md
bandit30@bandit:/tmp/ra6narok30/repo$ cat README.md
just an epmty file... muahaha
bandit30@bandit:/tmp/ra6narok30/repo$ git log
commit d39631d73f786269b895ae9a7b14760cbf40a99f (HEAD -> master, origin/master, origin/HEAD)
Author: Ben Dover <noone@overthewire.org>
Date:   Thu Oct 5 06:19:45 2023 +0000

    initial commit of README.md
bandit30@bandit:/tmp/ra6narok30/repo$ git branch -a
* master
  remotes/origin/HEAD -> origin/master
  remotes/origin/master
bandit30@bandit:/tmp/ra6narok30/repo$ git tag
secret
bandit30@bandit:/tmp/ra6narok30/repo$ git show secret
OoffzGDlzhAlerFJ2cAiz1D41JW1Mhmt  <-----PASSWORD
