ssh bandit16@bandit.labs.overthewire.org -p 2220
                         _                     _ _ _   
                        | |__   __ _ _ __   __| (_) |_ 
                        | '_ \ / _` | '_ \ / _` | | __|
                        | |_) | (_| | | | | (_| | | |_ 
                        |_.__/ \__,_|_| |_|\__,_|_|\__|
                                                       
bandit16@bandit.labs.overthewire.org's password: JQttfApK4SeyHwDlI9SXGR50qclOAil1 

bandit16@bandit:~$ nmap -A localhost -p 31000-32000
Starting Nmap 7.80 ( https://nmap.org ) at 2024-05-16 08:35 UTC
Nmap scan report for localhost (127.0.0.1)
Host is up (0.00011s latency).
Not shown: 996 closed ports
PORT      STATE SERVICE     VERSION
31046/tcp open  echo
31518/tcp open  ssl/echo
| ssl-cert: Subject: commonName=localhost
| Subject Alternative Name: DNS:localhost
| Not valid before: 2024-05-15T08:01:38
|_Not valid after:  2024-05-15T08:02:38
31691/tcp open  echo
31790/tcp open  ssl/unknown
| fingerprint-strings: 
|   FourOhFourRequest, GenericLines, GetRequest, HTTPOptions, Help, Kerberos, LDAPSearchReq, LPDString, RTSPRequest, SIPOptions, SSLSessionReq, TLSSessionReq, TerminalServerCookie: 
|_    Wrong! Please enter the correct current password
| ssl-cert: Subject: commonName=localhost
| Subject Alternative Name: DNS:localhost
| Not valid before: 2024-05-15T08:01:37
|_Not valid after:  2024-05-15T08:02:37
31960/tcp open  echo
1 service unrecognized despite returning data. If you know the service/version, please submit the following fingerprint at https://nmap.org/cgi-bin/submit.cgi?new-service :
SF-Port31790-TCP:V=7.80%T=SSL%I=7%D=5/16%Time=6645C580%P=x86_64-pc-linux-g
SF:nu%r(GenericLines,31,"Wrong!\x20Please\x20enter\x20the\x20correct\x20cu
SF:rrent\x20password\n")%r(GetRequest,31,"Wrong!\x20Please\x20enter\x20the
SF:\x20correct\x20current\x20password\n")%r(HTTPOptions,31,"Wrong!\x20Plea
SF:se\x20enter\x20the\x20correct\x20current\x20password\n")%r(RTSPRequest,
SF:31,"Wrong!\x20Please\x20enter\x20the\x20correct\x20current\x20password\
SF:n")%r(Help,31,"Wrong!\x20Please\x20enter\x20the\x20correct\x20current\x
SF:20password\n")%r(SSLSessionReq,31,"Wrong!\x20Please\x20enter\x20the\x20
SF:correct\x20current\x20password\n")%r(TerminalServerCookie,31,"Wrong!\x2
SF:0Please\x20enter\x20the\x20correct\x20current\x20password\n")%r(TLSSess
SF:ionReq,31,"Wrong!\x20Please\x20enter\x20the\x20correct\x20current\x20pa
SF:ssword\n")%r(Kerberos,31,"Wrong!\x20Please\x20enter\x20the\x20correct\x
SF:20current\x20password\n")%r(FourOhFourRequest,31,"Wrong!\x20Please\x20e
SF:nter\x20the\x20correct\x20current\x20password\n")%r(LPDString,31,"Wrong
SF:!\x20Please\x20enter\x20the\x20correct\x20current\x20password\n")%r(LDA
SF:PSearchReq,31,"Wrong!\x20Please\x20enter\x20the\x20correct\x20current\x
SF:20password\n")%r(SIPOptions,31,"Wrong!\x20Please\x20enter\x20the\x20cor
SF:rect\x20current\x20password\n");

Service detection performed. Please report any incorrect results at https://nmap.org/submit/ .
Nmap done: 1 IP address (1 host up) scanned in 98.65 seconds
bandit16@bandit:~$ openssl s_client -connect localhost:31790
CONNECTED(00000003)
Can't use SSL_get_servername
depth=0 CN = localhost
verify error:num=18:self-signed certificate
verify return:1
depth=0 CN = localhost
verify error:num=10:certificate has expired
notAfter=May 15 08:02:37 2024 GMT
verify return:1
depth=0 CN = localhost
notAfter=May 15 08:02:37 2024 GMT
verify return:1
---
Certificate chain
 0 s:CN = localhost
   i:CN = localhost
   a:PKEY: rsaEncryption, 2048 (bit); sigalg: RSA-SHA1
   v:NotBefore: May 15 08:01:37 2024 GMT; NotAfter: May 15 08:02:37 2024 GMT
---
Server certificate
-----BEGIN CERTIFICATE-----
MIIDCzCCAfOgAwIBAgIEKrVfvzANBgkqhkiG9w0BAQUFADAUMRIwEAYDVQQDDAls
b2NhbGhvc3QwHhcNMjQwNTE1MDgwMTM3WhcNMjQwNTE1MDgwMjM3WjAUMRIwEAYD
VQQDDAlsb2NhbGhvc3QwggEiMA0GCSqGSIb3DQEBAQUAA4IBDwAwggEKAoIBAQCr
NIneLJwbl2EqRm5jqQvJrHobY1Pv/TB8//J+vYKgn131euKmG2h8e05D5hoabZYk
DHKkHjW6KhyxfP1Kze8qslikMRe1/6Qui3gwCk3XOSFMe9Hnt8dHOwhMAWhLq0A4
njfNDRn6v3Wk5TFbZIiu3AI+rOpYDQa42/XkrHp86gRDC3RMagEQVDEWkp9Crv3x
Ecf+7s2HqpNN7vmwDzdp2GW0pZgkqtF3Tm/rbdP8rxTdfp9mXLR+murPtEtNAFB+
Ho3dAB1VscFgfqBsVCMC+0QL/BKdL3eH+aiPkwFAadlA4Y0stfw9yGI1qAwDIXlh
QqJvBnbrSAU8yEwow3QDAgMBAAGjZTBjMBQGA1UdEQQNMAuCCWxvY2FsaG9zdDBL
BglghkgBhvhCAQ0EPhY8QXV0b21hdGljYWxseSBnZW5lcmF0ZWQgYnkgTmNhdC4g
U2VlIGh0dHBzOi8vbm1hcC5vcmcvbmNhdC8uMA0GCSqGSIb3DQEBBQUAA4IBAQBa
DZVEcoNw7dXTjGrWRGNmJ46kGfGVldgcZkHBf8q2wl57+YAYY3hnFSsnRCm2I/TQ
LP2/bRo4P0X/t5KkKZZLzxZF70kkeeY2yNtvv9Bu3aLL3PyxbeaenUCuP/cwC0gm
9wYQpdiSCTGzsHxSKrQ5cowl9Fph3uNQ3Q15mv1lF2GuhYExM6qMswCwvVMeNjI/
NZ4Q/wMolPIXaUujcnY3Ci/asRTyA2pswmjKZxKTZMt2gSbu8k7ZpTUmwki0dzIr
Hact6duTWbExT13XTRpfucfgd4IMnY+sf09LbtUizAw5mIl0dTUyVkNBkBBjEESk
+LlULwKSysrgz2K8cYhA
-----END CERTIFICATE-----
subject=CN = localhost
issuer=CN = localhost
---
No client certificate CA names sent
Peer signing digest: SHA256
Peer signature type: RSA-PSS
Server Temp Key: X25519, 253 bits
---
SSL handshake has read 1339 bytes and written 373 bytes
Verification error: certificate has expired
---
New, TLSv1.3, Cipher is TLS_AES_256_GCM_SHA384
Server public key is 2048 bit
Secure Renegotiation IS NOT supported
Compression: NONE
Expansion: NONE
No ALPN negotiated
Early data was not sent
Verify return code: 10 (certificate has expired)
---
---
Post-Handshake New Session Ticket arrived:
SSL-Session:
    Protocol  : TLSv1.3
    Cipher    : TLS_AES_256_GCM_SHA384
    Session-ID: F1115B28C15B4E9592B5734A9AFF107D2F1AA6480743469AD495015EA3FFEF12
    Session-ID-ctx: 
    Resumption PSK: 0DB2F6637646F72EC4B274E1AB19BD191D0F5AFE4329A114FFAD462BB9F60062D754D796DBC034DD14DD398DEC6D23F4
    PSK identity: None
    PSK identity hint: None
    SRP username: None
    TLS session ticket lifetime hint: 7200 (seconds)
    TLS session ticket:
    0000 - 48 48 31 44 f2 2b 16 69-e3 85 61 52 2f 83 23 18   HH1D.+.i..aR/.#.
    0010 - d5 a6 14 f3 a5 81 6b 3b-a4 23 45 a9 3a 03 34 4e   ......k;.#E.:.4N
    0020 - b4 99 16 2b 0b 8f 99 4a-2c d6 0e d0 90 42 46 5f   ...+...J,....BF_
    0030 - 40 e4 eb 99 2f 2d 23 4e-8b 7f bf e6 de 1f bf 2e   @.../-#N........
    0040 - ff 7e 7c 51 17 a1 03 8e-21 4a e9 6c 10 7b ff 83   .~|Q....!J.l.{..
    0050 - b4 c5 48 14 d3 2d 64 d4-92 83 1b 27 ee d4 38 0f   ..H..-d....'..8.
    0060 - 1a 7f 60 17 f1 4f fc d4-3d 82 6c 18 a1 1b 57 b9   ..`..O..=.l...W.
    0070 - c6 30 67 e7 a3 88 a9 da-3a f8 42 12 5a 8b b7 5d   .0g.....:.B.Z..]
    0080 - 36 f4 2f 48 d3 7e f0 8d-07 23 b4 04 56 3b f7 81   6./H.~...#..V;..
    0090 - ad 9f 65 4c 9c 86 62 53-94 bd 06 4a fd 6c a8 70   ..eL..bS...J.l.p
    00a0 - e6 85 9d ab e8 de 3d 69-0e b8 ed 0a 0c 0f 34 eb   ......=i......4.
    00b0 - 74 05 b8 7a 1d bb 6c f8-d8 d4 d2 1f 54 4b b3 fe   t..z..l.....TK..
    00c0 - ab 7a f8 e3 74 f3 dd dc-51 9e 21 a7 34 ca 50 44   .z..t...Q.!.4.PD

    Start Time: 1715848823
    Timeout   : 7200 (sec)
    Verify return code: 10 (certificate has expired)
    Extended master secret: no
    Max Early Data: 0
---
read R BLOCK
---
Post-Handshake New Session Ticket arrived:
SSL-Session:
    Protocol  : TLSv1.3
    Cipher    : TLS_AES_256_GCM_SHA384
    Session-ID: 7504A4FA55BAAA74EB59BE3256939C11EFE2702A5D32D37D0EED000015D58BAA
    Session-ID-ctx: 
    Resumption PSK: B7F6808F6D7E8BA30060B1BF2C572F7E4F9CD4DAB59AE4C14D7AEF59863186ABF4A7F39D1E85FC4312E63896D8DCE967
    PSK identity: None
    PSK identity hint: None
    SRP username: None
    TLS session ticket lifetime hint: 7200 (seconds)
    TLS session ticket:
    0000 - 48 48 31 44 f2 2b 16 69-e3 85 61 52 2f 83 23 18   HH1D.+.i..aR/.#.
    0010 - b9 5a 4e 68 15 94 a3 23-0a 8f 9c 71 7d 60 be 62   .ZNh...#...q}`.b
    0020 - 68 2d a2 e0 e3 be 5e 33-ea 61 3f 8f a8 38 11 3e   h-....^3.a?..8.>
    0030 - 20 85 f2 44 60 a4 86 43-d4 29 33 c1 39 a1 65 6e    ..D`..C.)3.9.en
    0040 - 90 bd 22 a9 dc 01 ad cb-31 d1 3a f7 15 f8 f1 15   ..".....1.:.....
    0050 - 90 22 68 31 c4 ad f8 97-4c ef fb 70 4f 56 57 f4   ."h1....L..pOVW.
    0060 - 9a 32 2d eb 68 75 76 03-a9 69 86 5a e5 1d fb 20   .2-.huv..i.Z... 
    0070 - bd 31 7c 6e 56 7c 0c f8-4a 34 1f 01 9f fd d0 26   .1|nV|..J4.....&
    0080 - 32 49 60 a6 49 2f 9c 46-73 fb 17 55 c4 df 28 ac   2I`.I/.Fs..U..(.
    0090 - a3 67 30 02 f2 e4 99 88-5c 91 92 f6 d2 25 31 a3   .g0.....\....%1.
    00a0 - 8e 13 da 1a f5 10 ec 60-dc b6 9a 00 2f 13 c4 6a   .......`..../..j
    00b0 - a9 c8 7c fb f3 37 db 9b-60 2d a8 c6 57 39 ca 02   ..|..7..`-..W9..
    00c0 - 61 cd ed 2d af 10 22 3d-6e e8 00 41 dd 9e 6e 5f   a..-.."=n..A..n_

    Start Time: 1715848823
    Timeout   : 7200 (sec)
    Verify return code: 10 (certificate has expired)
    Extended master secret: no
    Max Early Data: 0
---
read R BLOCK
JQttfApK4SeyHwDlI9SXGR50qclOAil1 <-----ENTER PASSWORD AGIAN
Correct!
-----BEGIN RSA PRIVATE KEY-----
MIIEogIBAAKCAQEAvmOkuifmMg6HL2YPIOjon6iWfbp7c3jx34YkYWqUH57SUdyJ
imZzeyGC0gtZPGujUSxiJSWI/oTqexh+cAMTSMlOJf7+BrJObArnxd9Y7YT2bRPQ
Ja6Lzb558YW3FZl87ORiO+rW4LCDCNd2lUvLE/GL2GWyuKN0K5iCd5TbtJzEkQTu
DSt2mcNn4rhAL+JFr56o4T6z8WWAW18BR6yGrMq7Q/kALHYW3OekePQAzL0VUYbW
JGTi65CxbCnzc/w4+mqQyvmzpWtMAzJTzAzQxNbkR2MBGySxDLrjg0LWN6sK7wNX
x0YVztz/zbIkPjfkU1jHS+9EbVNj+D1XFOJuaQIDAQABAoIBABagpxpM1aoLWfvD
KHcj10nqcoBc4oE11aFYQwik7xfW+24pRNuDE6SFthOar69jp5RlLwD1NhPx3iBl
J9nOM8OJ0VToum43UOS8YxF8WwhXriYGnc1sskbwpXOUDc9uX4+UESzH22P29ovd
d8WErY0gPxun8pbJLmxkAtWNhpMvfe0050vk9TL5wqbu9AlbssgTcCXkMQnPw9nC
YNN6DDP2lbcBrvgT9YCNL6C+ZKufD52yOQ9qOkwFTEQpjtF4uNtJom+asvlpmS8A
vLY9r60wYSvmZhNqBUrj7lyCtXMIu1kkd4w7F77k+DjHoAXyxcUp1DGL51sOmama
+TOWWgECgYEA8JtPxP0GRJ+IQkX262jM3dEIkza8ky5moIwUqYdsx0NxHgRRhORT
8c8hAuRBb2G82so8vUHk/fur85OEfc9TncnCY2crpoqsghifKLxrLgtT+qDpfZnx
SatLdt8GfQ85yA7hnWWJ2MxF3NaeSDm75Lsm+tBbAiyc9P2jGRNtMSkCgYEAypHd
HCctNi/FwjulhttFx/rHYKhLidZDFYeiE/v45bN4yFm8x7R/b0iE7KaszX+Exdvt
SghaTdcG0Knyw1bpJVyusavPzpaJMjdJ6tcFhVAbAjm7enCIvGCSx+X3l5SiWg0A
R57hJglezIiVjv3aGwHwvlZvtszK6zV6oXFAu0ECgYAbjo46T4hyP5tJi93V5HDi
Ttiek7xRVxUl+iU7rWkGAXFpMLFteQEsRr7PJ/lemmEY5eTDAFMLy9FL2m9oQWCg
R8VdwSk8r9FGLS+9aKcV5PI/WEKlwgXinB3OhYimtiG2Cg5JCqIZFHxD6MjEGOiu
L8ktHMPvodBwNsSBULpG0QKBgBAplTfC1HOnWiMGOU3KPwYWt0O6CdTkmJOmL8Ni
blh9elyZ9FsGxsgtRBXRsqXuz7wtsQAgLHxbdLq/ZJQ7YfzOKU4ZxEnabvXnvWkU
YOdjHdSOoKvDQNWu6ucyLRAWFuISeXw9a/9p7ftpxm0TSgyvmfLF2MIAEwyzRqaM
77pBAoGAMmjmIJdjp+Ez8duyn3ieo36yrttF5NSsJLAbxFpdlc1gvtGCWW+9Cq0b
dxviW8+TFVEBl1O4f7HVm6EpTscdDxU+bCXWkfjuRb7Dy9GOtt9JPsX8MBTakzh3
vBgsyi/sN3RqRBcGU40fOoZyfAMT8s1m/uYv52O6IgeuZ/ujbjY=
-----END RSA PRIVATE KEY-----

closed
bandit16@bandit:~$ mkdir /tmp/ra6narok2
bandit16@bandit:~$ vim /tmp/ra6narok2/key.private
bandit16@bandit:~$ cat /tmp/ra6narok2/key.private
-----BEGIN RSA PRIVATE KEY-----
MIIEogIBAAKCAQEAvmOkuifmMg6HL2YPIOjon6iWfbp7c3jx34YkYWqUH57SUdyJ
imZzeyGC0gtZPGujUSxiJSWI/oTqexh+cAMTSMlOJf7+BrJObArnxd9Y7YT2bRPQ
Ja6Lzb558YW3FZl87ORiO+rW4LCDCNd2lUvLE/GL2GWyuKN0K5iCd5TbtJzEkQTu
DSt2mcNn4rhAL+JFr56o4T6z8WWAW18BR6yGrMq7Q/kALHYW3OekePQAzL0VUYbW
JGTi65CxbCnzc/w4+mqQyvmzpWtMAzJTzAzQxNbkR2MBGySxDLrjg0LWN6sK7wNX
x0YVztz/zbIkPjfkU1jHS+9EbVNj+D1XFOJuaQIDAQABAoIBABagpxpM1aoLWfvD
KHcj10nqcoBc4oE11aFYQwik7xfW+24pRNuDE6SFthOar69jp5RlLwD1NhPx3iBl
J9nOM8OJ0VToum43UOS8YxF8WwhXriYGnc1sskbwpXOUDc9uX4+UESzH22P29ovd
d8WErY0gPxun8pbJLmxkAtWNhpMvfe0050vk9TL5wqbu9AlbssgTcCXkMQnPw9nC
YNN6DDP2lbcBrvgT9YCNL6C+ZKufD52yOQ9qOkwFTEQpjtF4uNtJom+asvlpmS8A
vLY9r60wYSvmZhNqBUrj7lyCtXMIu1kkd4w7F77k+DjHoAXyxcUp1DGL51sOmama
+TOWWgECgYEA8JtPxP0GRJ+IQkX262jM3dEIkza8ky5moIwUqYdsx0NxHgRRhORT
8c8hAuRBb2G82so8vUHk/fur85OEfc9TncnCY2crpoqsghifKLxrLgtT+qDpfZnx
SatLdt8GfQ85yA7hnWWJ2MxF3NaeSDm75Lsm+tBbAiyc9P2jGRNtMSkCgYEAypHd
HCctNi/FwjulhttFx/rHYKhLidZDFYeiE/v45bN4yFm8x7R/b0iE7KaszX+Exdvt
SghaTdcG0Knyw1bpJVyusavPzpaJMjdJ6tcFhVAbAjm7enCIvGCSx+X3l5SiWg0A
R57hJglezIiVjv3aGwHwvlZvtszK6zV6oXFAu0ECgYAbjo46T4hyP5tJi93V5HDi
Ttiek7xRVxUl+iU7rWkGAXFpMLFteQEsRr7PJ/lemmEY5eTDAFMLy9FL2m9oQWCg
R8VdwSk8r9FGLS+9aKcV5PI/WEKlwgXinB3OhYimtiG2Cg5JCqIZFHxD6MjEGOiu
L8ktHMPvodBwNsSBULpG0QKBgBAplTfC1HOnWiMGOU3KPwYWt0O6CdTkmJOmL8Ni
blh9elyZ9FsGxsgtRBXRsqXuz7wtsQAgLHxbdLq/ZJQ7YfzOKU4ZxEnabvXnvWkU
YOdjHdSOoKvDQNWu6ucyLRAWFuISeXw9a/9p7ftpxm0TSgyvmfLF2MIAEwyzRqaM
77pBAoGAMmjmIJdjp+Ez8duyn3ieo36yrttF5NSsJLAbxFpdlc1gvtGCWW+9Cq0b
dxviW8+TFVEBl1O4f7HVm6EpTscdDxU+bCXWkfjuRb7Dy9GOtt9JPsX8MBTakzh3
vBgsyi/sN3RqRBcGU40fOoZyfAMT8s1m/uYv52O6IgeuZ/ujbjY=
-----END RSA PRIVATE KEY-----
bandit16@bandit:~$ ssh bandit16@bandit.labs.overthewire.org -p 2220 -i /tmp/ra6narok2/key.private
The authenticity of host 'localhost (127.0.0.1)' can't be established.
ED25519 key fingerprint is SHA256:C2ihUBV7ihnV1wUXRb4RrEcLfXC5CXlhmAAM/urerLY.
This key is not known by any other names
Are you sure you want to continue connecting (yes/no/[fingerprint])? yes
Could not create directory '/home/bandit16/.ssh' (Permission denied).
Failed to add the host to the list of known hosts (/home/bandit16/.ssh/known_hosts).

                      This is an OverTheWire game server. 
            More information on http://www.overthewire.org/wargames

!!! You are trying to log into this SSH server on port 22, which is not intended.

@@@@@@@@@@@@@@@@@@@@@@@@@@@@@@@@@@@@@@@@@@@@@@@@@@@@@@@@@@@
@         WARNING: UNPROTECTED PRIVATE KEY FILE!          @
@@@@@@@@@@@@@@@@@@@@@@@@@@@@@@@@@@@@@@@@@@@@@@@@@@@@@@@@@@@
Permissions 0664 for '/tmp/ra6narok2/key.private' are too open.
It is required that your private key files are NOT accessible by others.
This private key will be ignored.
Load key "/tmp/ra6narok2/key.private": bad permissions
bandit17@localhost: Permission denied (publickey).
bandit16@bandit:~$ chmod 600 /tmp/ra6narok2/key.private
bandit16@bandit:~$ ssh bandit17@bandit.labs.overthewire.org -p 2220 -i /tmp/ra6narok2/key.private
The authenticity of host '[bandit.labs.overthewire.org]:2220 ([127.0.0.1]:2220)' can't be established.
ED25519 key fingerprint is SHA256:C2ihUBV7ihnV1wUXRb4RrEcLfXC5CXlhmAAM/urerLY.
This key is not known by any other names
Are you sure you want to continue connecting (yes/no/[fingerprint])? yes
Could not create directory '/home/bandit16/.ssh' (Permission denied).
Failed to add the host to the list of known hosts (/home/bandit16/.ssh/known_hosts).
                         _                     _ _ _   
                        | |__   __ _ _ __   __| (_) |_ 
                        | '_ \ / _` | '_ \ / _` | | __|
                        | |_) | (_| | | | | (_| | | |_ 
                        |_.__/ \__,_|_| |_|\__,_|_|\__|
                                                       
bandit17@bandit:~$ cat /etc/bandit_pass/bandit17
VwOSWtCA7lRKkTfbr2IDh6awj9RNZM5e  <-----PASSWORD
