ssh bandit31@bandit.labs.overthewire.org -p 2220
                         _                     _ _ _   
                        | |__   __ _ _ __   __| (_) |_ 
                        | '_ \ / _` | '_ \ / _` | | __|
                        | |_) | (_| | | | | (_| | | |_ 
                        |_.__/ \__,_|_| |_|\__,_|_|\__|
                                                       
bandit31@bandit.labs.overthewire.org's password: OoffzGDlzhAlerFJ2cAiz1D41JW1Mhmt 

bandit31@bandit:~$ mkdir /tmp/ra6narok31
bandit31@bandit:~$ cd /tmp/ra6narok31
bandit31@bandit:/tmp/ra6narok31$ git clone ssh://bandit31-git@localhost:2220/home/bandit31-git/repo
Cloning into 'repo'...
The authenticity of host '[localhost]:2220 ([127.0.0.1]:2220)' can't be established.
ED25519 key fingerprint is SHA256:C2ihUBV7ihnV1wUXRb4RrEcLfXC5CXlhmAAM/urerLY.
This key is not known by any other names
Are you sure you want to continue connecting (yes/no/[fingerprint])? yes
Could not create directory '/home/bandit31/.ssh' (Permission denied).
Failed to add the host to the list of known hosts (/home/bandit31/.ssh/known_hosts).
                         _                     _ _ _   
                        | |__   __ _ _ __   __| (_) |_ 
                        | '_ \ / _` | '_ \ / _` | | __|
                        | |_) | (_| | | | | (_| | | |_ 
                        |_.__/ \__,_|_| |_|\__,_|_|\__|
                                                       
bandit31-git@localhost's password: OoffzGDlzhAlerFJ2cAiz1D41JW1Mhmt 
remote: Enumerating objects: 4, done.
remote: Counting objects: 100% (4/4), done.
remote: Compressing objects: 100% (3/3), done.
remote: Total 4 (delta 0), reused 0 (delta 0), pack-reused 0
Receiving objects: 100% (4/4), done.
bandit31@bandit:/tmp/ra6narok31$ ls
repo
bandit31@bandit:/tmp/ra6narok31$ cd repo
bandit31@bandit:/tmp/ra6narok31/repo$ ls
README.md
bandit31@bandit:/tmp/ra6narok31/repo$ cat README.md
This time your task is to push a file to the remote repository.

Details:
    File name: key.txt
    Content: 'May I come in?'
    Branch: master

bandit31@bandit:/tmp/ra6narok31/repo$ git branch -a
* master
  remotes/origin/HEAD -> origin/master
  remotes/origin/master
bandit31@bandit:/tmp/ra6narok31/repo$ echo "May I come in?" > key.txt
bandit31@bandit:/tmp/ra6narok31/repo$ cat key.txt
May I come in?
bandit31@bandit:/tmp/ra6narok31/repo$ git status
On branch master
Your branch is up to date with 'origin/master'.

nothing to commit, working tree clean
bandit31@bandit:/tmp/ra6narok31/repo$ git add key.txt
The following paths are ignored by one of your .gitignore files:
key.txt
hint: Use -f if you really want to add them.
hint: Turn this message off by running
hint: "git config advice.addIgnoredFile false"
bandit31@bandit:/tmp/ra6narok31/repo$ cat .gitignore
*.txt
bandit31@bandit:/tmp/ra6narok31/repo$ git add -f key.txt
bandit31@bandit:/tmp/ra6narok31/repo$ git status
On branch master
Your branch is up to date with 'origin/master'.

Changes to be committed:
  (use "git restore --staged <file>..." to unstage)
	new file:   key.txt

bandit31@bandit:/tmp/ra6narok31/repo$ git commit -m "added key.txt file"
[master 5564a2f] added key.txt file
 1 file changed, 1 insertion(+)
 create mode 100644 key.txt
bandit31@bandit:/tmp/ra6narok31/repo$ git status
On branch master
Your branch is ahead of 'origin/master' by 1 commit.
  (use "git push" to publish your local commits)

nothing to commit, working tree clean
bandit31@bandit:/tmp/ra6narok31/repo$ git push
The authenticity of host '[localhost]:2220 ([127.0.0.1]:2220)' can't be established.
ED25519 key fingerprint is SHA256:C2ihUBV7ihnV1wUXRb4RrEcLfXC5CXlhmAAM/urerLY.
This key is not known by any other names
Are you sure you want to continue connecting (yes/no/[fingerprint])? yes
Could not create directory '/home/bandit31/.ssh' (Permission denied).
Failed to add the host to the list of known hosts (/home/bandit31/.ssh/known_hosts).
                         _                     _ _ _   
                        | |__   __ _ _ __   __| (_) |_ 
                        | '_ \ / _` | '_ \ / _` | | __|
                        | |_) | (_| | | | | (_| | | |_ 
                        |_.__/ \__,_|_| |_|\__,_|_|\__|
                                                       
bandit31-git@localhost's password: OoffzGDlzhAlerFJ2cAiz1D41JW1Mhmt 
Enumerating objects: 4, done.
Counting objects: 100% (4/4), done.
Delta compression using up to 2 threads
Compressing objects: 100% (2/2), done.
Writing objects: 100% (3/3), 328 bytes | 328.00 KiB/s, done.
Total 3 (delta 0), reused 0 (delta 0), pack-reused 0
remote: ### Attempting to validate files... ####
remote: 
remote: .oOo.oOo.oOo.oOo.oOo.oOo.oOo.oOo.oOo.oOo.
remote: 
remote: Well done! Here is the password for the next level:
remote: rmCBvG56y58BXzv98yZGdO7ATVL5dW8y  <-----PASSWORD
remote: 
remote: .oOo.oOo.oOo.oOo.oOo.oOo.oOo.oOo.oOo.oOo.
remote: 
To ssh://localhost:2220/home/bandit31-git/repo
 ! [remote rejected] master -> master (pre-receive hook declined)
error: failed to push some refs to 'ssh://localhost:2220/home/bandit31-git/repo'
bandit31@bandit:/tmp/ra6narok31/repo$ 
