ssh bandit28@bandit.labs.overthewire.org -p 2220
                         _                     _ _ _   
                        | |__   __ _ _ __   __| (_) |_ 
                        | '_ \ / _` | '_ \ / _` | | __|
                        | |_) | (_| | | | | (_| | | |_ 
                        |_.__/ \__,_|_| |_|\__,_|_|\__|
                                                       
bandit28@bandit.labs.overthewire.org's password: AVanL161y9rsbcJIsFHuw35rjaOM19nR 

bandit28@bandit:~$ mkdir /tmp/ra6narok28
bandit28@bandit:~$ cd /tmp/ra6narok28
bandit28@bandit:/tmp/ra6narok28$ git clone ssh://bandit28-git@localhost:2220/home/bandit28-git/repo
Cloning into 'repo'...
The authenticity of host '[localhost]:2220 ([127.0.0.1]:2220)' can't be established.
ED25519 key fingerprint is SHA256:C2ihUBV7ihnV1wUXRb4RrEcLfXC5CXlhmAAM/urerLY.
This key is not known by any other names
Are you sure you want to continue connecting (yes/no/[fingerprint])? yes
Could not create directory '/home/bandit28/.ssh' (Permission denied).
Failed to add the host to the list of known hosts (/home/bandit28/.ssh/known_hosts).
                         _                     _ _ _   
                        | |__   __ _ _ __   __| (_) |_ 
                        | '_ \ / _` | '_ \ / _` | | __|
                        | |_) | (_| | | | | (_| | | |_ 
                        |_.__/ \__,_|_| |_|\__,_|_|\__|
                                                       
bandit28-git@localhost's password: AVanL161y9rsbcJIsFHuw35rjaOM19nR 
remote: Enumerating objects: 9, done.
remote: Counting objects: 100% (9/9), done.
remote: Compressing objects: 100% (6/6), done.
remote: Total 9 (delta 2), reused 0 (delta 0), pack-reused 0
Receiving objects: 100% (9/9), 800 bytes | 800.00 KiB/s, done.
Resolving deltas: 100% (2/2), done.
bandit28@bandit:/tmp/ra6narok28$ ls
repo
bandit28@bandit:/tmp/ra6narok28$ cd repo
bandit28@bandit:/tmp/ra6narok28/repo$ ls
README.md
bandit28@bandit:/tmp/ra6narok28/repo$ cat README.md
# Bandit Notes
Some notes for level29 of bandit.

## credentials

- username: bandit29
- password: xxxxxxxxxx

bandit28@bandit:/tmp/ra6narok28/repo$ git log
commit 14f754b3ba6531a2b89df6ccae6446e8969a41f3 (HEAD -> master, origin/master, origin/HEAD)
Author: Morla Porla <morla@overthewire.org>
Date:   Thu Oct 5 06:19:41 2023 +0000

    fix info leak

commit f08b9cc63fa1a4602fb065257633c2dae6e5651b
Author: Morla Porla <morla@overthewire.org>
Date:   Thu Oct 5 06:19:41 2023 +0000

    add missing data

commit a645bcc508c63f081234911d2f631f87cf469258
Author: Ben Dover <noone@overthewire.org>
Date:   Thu Oct 5 06:19:41 2023 +0000

    initial commit of README.md
bandit28@bandit:/tmp/ra6narok28/repo$ git show a645bcc508c63f081234911d2f631f87cf469258
commit a645bcc508c63f081234911d2f631f87cf469258
Author: Ben Dover <noone@overthewire.org>
Date:   Thu Oct 5 06:19:41 2023 +0000

    initial commit of README.md

diff --git a/README.md b/README.md
new file mode 100644
index 0000000..7ba2d2f
--- /dev/null
+++ b/README.md
@@ -0,0 +1,8 @@
+# Bandit Notes
+Some notes for level29 of bandit.
+
+## credentials
+
+- username: bandit29
+- password: <TBD>
+
bandit28@bandit:/tmp/ra6narok28/repo$ git show f08b9cc63fa1a4602fb065257633c2dae6e5651b
commit f08b9cc63fa1a4602fb065257633c2dae6e5651b
Author: Morla Porla <morla@overthewire.org>
Date:   Thu Oct 5 06:19:41 2023 +0000

    add missing data

diff --git a/README.md b/README.md
index 7ba2d2f..b302105 100644
--- a/README.md
+++ b/README.md
@@ -4,5 +4,5 @@ Some notes for level29 of bandit.
 ## credentials
 
 - username: bandit29
-- password: <TBD>
+- password: tQKvmcwNYcFS6vmPHIUSI3ShmsrQZK8S  <-----PASSWORD
