ssh bandit25@bandit.labs.overthewire.org -p 2220
                         _                     _ _ _   
                        | |__   __ _ _ __   __| (_) |_ 
                        | '_ \ / _` | '_ \ / _` | | __|
                        | |_) | (_| | | | | (_| | | |_ 
                        |_.__/ \__,_|_| |_|\__,_|_|\__|
                                                    
bandit25@bandit.labs.overthewire.org's password: p7TaowMYrmu23Ol8hiZh9UvD0O9hpx8d 

bandit25@bandit:~$ ls
bandit26.sshkey
bandit25@bandit:~$ ssh -i bandit26.sshkey bandit26@localhost -p2220
The authenticity of host '[localhost]:2220 ([127.0.0.1]:2220)' can't be established.
ED25519 key fingerprint is SHA256:C2ihUBV7ihnV1wUXRb4RrEcLfXC5CXlhmAAM/urerLY.
This key is not known by any other names
Are you sure you want to continue connecting (yes/no/[fingerprint])? yes
Could not create directory '/home/bandit25/.ssh' (Permission denied).
Failed to add the host to the list of known hosts (/home/bandit25/.ssh/known_hosts).

_                     _ _ _   ___   __  
 | |                   | (_) | |__ \ / /  
 | |__   __ _ _ __   __| |_| |_   ) / /_  
 | '_ \ / _` | '_ \ / _` | | __| / / '_ \ 
 | |_) | (_| | | | | (_| | | |_ / /| (_) |
 |_.__/ \__,_|_| |_|\__,_|_|\__|____\___/ 
Connection to localhost closed.

bandit25@bandit:~$ cat /cat/passwd | grep "bandit26"
cat: /cat/passwd: No such file or directory
bandit25@bandit:~$ cat /etc/passwd | grep "bandit26"
bandit26:x:11026:11026:bandit level 26:/home/bandit26:/usr/bin/showtext
bandit25@bandit:~$ cat /usr/bin/showtext
#!/bin/sh

export TERM=linux

exec more ~/text.txt
exit 0

*Vertically Resize Your Terminal*

bandit25@bandit:~$ ssh -i bandit26.sshkey bandit26@localhost -p2220

*Now That You're in MORE COMMAND , Vertically Resize Your Terminal , Back to Normal*

*Pres v to enter vi*
:e /etc/bandit_pass/bandit26

c7GvcKlw9mC7aUQaPx7nwFstuAIBw1o1  <-----PASSWORD
