ssh bandit29@bandit.labs.overthewire.org -p 2220
                         _                     _ _ _   
                        | |__   __ _ _ __   __| (_) |_ 
                        | '_ \ / _` | '_ \ / _` | | __|
                        | |_) | (_| | | | | (_| | | |_ 
                        |_.__/ \__,_|_| |_|\__,_|_|\__|
                                                       
bandit29@bandit.labs.overthewire.org's password: tQKvmcwNYcFS6vmPHIUSI3ShmsrQZK8S 

bandit29@bandit:~$ mkdir /tmp/ra6narok29
bandit29@bandit:~$ cd /tmp/ra6narok29
bandit29@bandit:/tmp/ra6narok29$ git clone ssh://bandit29-git@localhost:2220/home/bandit29-git/repo
Cloning into 'repo'...
The authenticity of host '[localhost]:2220 ([127.0.0.1]:2220)' can't be established.
ED25519 key fingerprint is SHA256:C2ihUBV7ihnV1wUXRb4RrEcLfXC5CXlhmAAM/urerLY.
This key is not known by any other names
Are you sure you want to continue connecting (yes/no/[fingerprint])? yes
Could not create directory '/home/bandit29/.ssh' (Permission denied).
Failed to add the host to the list of known hosts (/home/bandit29/.ssh/known_hosts).
                         _                     _ _ _   
                        | |__   __ _ _ __   __| (_) |_ 
                        | '_ \ / _` | '_ \ / _` | | __|
                        | |_) | (_| | | | | (_| | | |_ 
                        |_.__/ \__,_|_| |_|\__,_|_|\__|
                                                       
bandit29-git@localhost's password: tQKvmcwNYcFS6vmPHIUSI3ShmsrQZK8S 
remote: Enumerating objects: 16, done.
remote: Counting objects: 100% (16/16), done.
remote: Compressing objects: 100% (11/11), done.
remote: Total 16 (delta 2), reused 0 (delta 0), pack-reused 0
Receiving objects: 100% (16/16), done.
Resolving deltas: 100% (2/2), done.
bandit29@bandit:/tmp/ra6narok29$ ls
repo
bandit29@bandit:/tmp/ra6narok29$ cd repo
bandit29@bandit:/tmp/ra6narok29/repo$ ls
README.md
bandit29@bandit:/tmp/ra6narok29/repo$ cat Read.md
cat: Read.md: No such file or directory
bandit29@bandit:/tmp/ra6narok29/repo$ cat README.md
# Bandit Notes
Some notes for bandit30 of bandit.

## credentials

- username: bandit30
- password: <no passwords in production!>

bandit29@bandit:/tmp/ra6narok29/repo$ git log
commit 4364630b3b27c92aff7b36de7bb6ed2d30b60f88 (HEAD -> master, origin/master, origin/HEAD)
Author: Ben Dover <noone@overthewire.org>
Date:   Thu Oct 5 06:19:43 2023 +0000

    fix username

commit fca34ddb7d1ff1f78df36538252aea650b0b040d
Author: Ben Dover <noone@overthewire.org>
Date:   Thu Oct 5 06:19:43 2023 +0000

    initial commit of README.md
bandit29@bandit:/tmp/ra6narok29/repo$ git show 4364630b3b27c92aff7b36de7bb6ed2d30b60f88
commit 4364630b3b27c92aff7b36de7bb6ed2d30b60f88 (HEAD -> master, origin/master, origin/HEAD)
Author: Ben Dover <noone@overthewire.org>
Date:   Thu Oct 5 06:19:43 2023 +0000

    fix username

diff --git a/README.md b/README.md
index 2da2f39..1af21d3 100644
--- a/README.md
+++ b/README.md
@@ -3,6 +3,6 @@ Some notes for bandit30 of bandit.
 
 ## credentials
 
-- username: bandit29
+- username: bandit30
 - password: <no passwords in production!>
 
bandit29@bandit:/tmp/ra6narok29/repo$ git show fca34ddb7d1ff1f78df36538252aea650b0b040d
commit fca34ddb7d1ff1f78df36538252aea650b0b040d
Author: Ben Dover <noone@overthewire.org>
Date:   Thu Oct 5 06:19:43 2023 +0000

    initial commit of README.md

diff --git a/README.md b/README.md
new file mode 100644
index 0000000..2da2f39
--- /dev/null
+++ b/README.md
@@ -0,0 +1,8 @@
+# Bandit Notes
+Some notes for bandit30 of bandit.
+
+## credentials
+
+- username: bandit29
+- password: <no passwords in production!>
+
bandit29@bandit:/tmp/ra6narok29/repo$ git branch -a
* master
  remotes/origin/HEAD -> origin/master
  remotes/origin/dev
  remotes/origin/master
  remotes/origin/sploits-dev
bandit29@bandit:/tmp/ra6narok29/repo$ git checkout dev
Branch 'dev' set up to track remote branch 'dev' from 'origin'.
Switched to a new branch 'dev'
bandit29@bandit:/tmp/ra6narok29/repo$ git branch -a
* dev
  master
  remotes/origin/HEAD -> origin/master
  remotes/origin/dev
  remotes/origin/master
  remotes/origin/sploits-dev
bandit29@bandit:/tmp/ra6narok29/repo$ ls
code  README.md
bandit29@bandit:/tmp/ra6narok29/repo$ cat README.md
# Bandit Notes
Some notes for bandit30 of bandit.

## credentials

- username: bandit30
- password: xbhV3HpNGlTIdnjUrdAlPzc2L6y9EOnS
